// Jest Snapshot v1, https://goo.gl/fbAQLP

exports[`BodyDiagram tests Should match the snapshot 1`] = `
ShallowWrapper {
  "length": 1,
  Symbol(enzyme.__root__): [Circular],
  Symbol(enzyme.__unrendered__): <BodyDiagram
    selectedProcess={
      Object {
        "created_at": "2018-02-20T21:25:45.454Z",
        "exe_1_inhibition": "5R",
        "exe_1_orient": "6F",
        "exe_2a_shifting": "2F",
        "exe_2a_working": "5F",
        "exe_2b_flexibility": "4A",
        "exe_2b_general": "8R",
        "exe_2b_global": "7F",
        "exe_2b_spatial": "6A",
        "exe_2b_verbal": "6A",
        "exe_3_initiation": "3F",
        "exe_3_monitoring": null,
        "exe_3_planning": "4F",
        "exe_3_sequencing": "4A",
        "exe_4a_future": "7I",
        "exe_4a_generativity": null,
        "exe_4a_internalized": "5A",
        "exe_4a_problem": "4A",
        "exe_4a_reflective": "3A",
        "exe_4a_spatial": "7R",
        "exe_4b_effortful": "3R",
        "exe_4b_motivational": "6A",
        "exe_4b_self_compassion": "4F",
        "exe_4b_self_control": "6I",
        "exe_4b_self_regulation": "4A",
        "id": 10,
        "mod_1_defensiveness": "5A",
        "mod_1_over": "8R",
        "mod_1_under": "6F",
        "mod_1_variable": "8A",
        "mod_2_action": "8R",
        "mod_2_affect": "7A",
        "mod_2_arousability": "4F",
        "mod_2_attention": "4A",
        "mod_2_autonomic": "6A",
        "mod_3_cognitive": "7I",
        "mod_3_emotional": "8R",
        "mod_3_motor": "6R",
        "mod_3_physiological": "6A",
        "mod_3_prosocial": "7A",
        "mod_3_sensory": "5I",
        "mod_3_social": "8R",
        "mod_4a_adaptive": "8A",
        "mod_4a_approach": "5I",
        "mod_4a_co_regulation": "3F",
        "mod_4a_passive": "4A",
        "mod_4b_active": "8R",
        "mod_4b_avoid": "6F",
        "mod_4b_maladaptive": "5F",
        "mod_4b_self_regulation": "5A",
        "mod_h_auditory": "9R",
        "mod_h_intero": "5R",
        "mod_h_proprioception": "7A",
        "mod_h_tactile": "3A",
        "mod_h_vestibular": "8R",
        "mod_h_visual": "5F",
        "pos_1_inner": false,
        "pos_1_outer": true,
        "pos_2_mobility": "7R",
        "pos_2_muscle": "5F",
        "pos_2_phasic": "6A",
        "pos_2_stability": "4A",
        "pos_2_tonic": "7A",
        "pos_3_frontal": "5F",
        "pos_3_midlines": "8R",
        "pos_3_sagittal": "5F",
        "pos_3_transverse": "8A",
        "pos_4_core": "false",
        "pos_4_eyes": "false",
        "pos_4_foot": "false",
        "pos_4_hand": "true",
        "pos_4_head": "false",
        "pos_4_lower": "true",
        "pos_4_pelvic": "true",
        "pos_4_shoulder": "true",
        "pos_5_alignment_COG": "6A",
        "pos_5_alignment_orient": "5I",
        "pos_5_anticipatory": "6A",
        "pos_5_antigravity": "8F",
        "pos_5_interactive": "4A",
        "pos_5_ocular": "7R",
        "pos_5_reflex": "3A",
        "pos_5_suck": "7A",
        "pos_6_bilateral": "7R",
        "pos_6_effortful": "6A",
        "pos_6_grasp": "7I",
        "pos_6_push": "2F",
        "pos_6_strength": "7F",
        "pos_h_auditory": "6R",
        "pos_h_intero": null,
        "pos_h_proprioception": "7A",
        "pos_h_tactile": "5I",
        "pos_h_vestibular": "7A",
        "pos_h_visual": null,
        "sen_1_ability": null,
        "sen_1_classification": null,
        "sen_1_figure": null,
        "sen_1_inferences": null,
        "sen_1_match": null,
        "sen_1_spatial": null,
        "sen_2_affordance": null,
        "sen_2_generativity": null,
        "sen_2_imitation": "7A",
        "sen_2_initiation": null,
        "sen_3_modification": null,
        "sen_3_schema_expansion": null,
        "sen_3_schema_selection": null,
        "sen_3_sequencing": null,
        "sen_3_sequencing_gestalt": null,
        "sen_4_control": null,
        "sen_4_monitoring": null,
        "sen_4_spatial": null,
        "sen_4_temporal": null,
        "sen_4_timing": null,
        "sen_4_timing_force": null,
        "sen_5_fine": "9R",
        "sen_5_gross": "5R",
        "sen_5_limb": "4A",
        "sen_5_ocular": "5R",
        "sen_5_oral": "4A",
        "sen_5_postural": "7I",
        "sen_5_projected": "4I",
        "sen_5_tool": "5A",
        "sen_6_bmc": null,
        "sen_6_generalized": null,
        "sen_6_praxis": null,
        "sen_6_somatodyspraxia": null,
        "sen_6_visual": null,
        "sen_h_auditory": null,
        "sen_h_intero": null,
        "sen_h_proprioception": null,
        "sen_h_tactile": null,
        "sen_h_vestibular": null,
        "sen_h_visual": null,
        "session_id": 10,
        "soc_1_comparative": null,
        "soc_1_engagement": "9R",
        "soc_1_problem": "4R",
        "soc_1_reciprocity": "6A",
        "soc_1_reflective": "3A",
        "soc_1_regulation": null,
        "soc_1_representation": null,
        "soc_1_triangular": null,
        "soc_2_central": null,
        "soc_2_contingent": "7R",
        "soc_2_empathy": null,
        "soc_2_imitation": "5R",
        "soc_2_inferential": null,
        "soc_2_joint": null,
        "soc_2_mentalizing": null,
        "soc_2_pro_social": null,
        "soc_2_self_awareness": "6A",
        "soc_2_social_motivators": "6A",
        "soc_2_social_perspective": null,
        "soc_2_social_referencing": null,
        "soc_2_theory": null,
        "soc_3_activation_high": null,
        "soc_3_activation_low": null,
        "soc_3_affective": "8R",
        "soc_3_emotional_association": null,
        "soc_3_emotional_cascade": null,
        "soc_3_emotional_contagion": null,
        "soc_3_emotional_differentiation": null,
        "soc_3_self_compassion": "4F",
        "soc_3_self_control": "6R",
        "soc_3_self_regulation": "8I",
        "soc_4_attachments": null,
        "soc_4_mental": false,
        "soc_4_thoughts": false,
        "soc_4_trauma": null,
        "updated_at": "2018-02-20T21:25:45.454Z",
      }
    }
    storedThreadConnections={
      Object {
        "exe_1_inhibition": true,
        "exe_1_orient": true,
        "exe_2a_shifting": true,
        "exe_2a_working": false,
        "exe_2b_flexibility": true,
        "exe_2b_general": false,
        "exe_2b_global": true,
        "exe_2b_spatial": false,
        "exe_2b_verbal": false,
        "exe_3_initiation": true,
        "exe_3_monitoring": true,
        "exe_3_planning": false,
        "exe_3_sequencing": true,
        "exe_4a_future": true,
        "exe_4a_internalized": true,
        "exe_4a_problem": true,
        "exe_4a_reflective": true,
        "exe_4a_spatial": true,
        "exe_4b_effortful": true,
        "exe_4b_motivational": true,
        "exe_4b_self_compassion": true,
        "exe_4b_self_control": true,
        "exe_4b_self_regulation": true,
        "exectuive": true,
        "executive": false,
        "mod_1_defensiveness": false,
        "mod_1_over": false,
        "mod_1_under": false,
        "mod_1_variable": false,
        "mod_2_action": true,
        "mod_2_affect": false,
        "mod_2_arousability": true,
        "mod_2_attention": false,
        "mod_2_autonomic": true,
        "mod_3_cognitive": false,
        "mod_3_emotional": true,
        "mod_3_motor": false,
        "mod_3_physiological": true,
        "mod_3_prosocial": true,
        "mod_3_sensory": false,
        "mod_3_social": false,
        "mod_4a_adaptive": false,
        "mod_4a_approach": false,
        "mod_4a_co_regulation": false,
        "mod_4a_passive": false,
        "mod_4b_active": false,
        "mod_4b_avoid": false,
        "mod_4b_maladaptive": false,
        "mod_4b_self_regulation": true,
        "mod_h_auditory": false,
        "mod_h_intero": true,
        "mod_h_proprioception": true,
        "mod_h_tactile": true,
        "mod_h_vestibular": true,
        "mod_h_visual": false,
        "modulation": false,
        "pos_1_inner": false,
        "pos_1_outer": false,
        "pos_2_mobility": false,
        "pos_2_muscle": false,
        "pos_2_phasic": false,
        "pos_2_stability": false,
        "pos_2_tonic": false,
        "pos_3_frontal": false,
        "pos_3_midlines": false,
        "pos_3_sagittal": false,
        "pos_3_transverse": false,
        "pos_4_core": false,
        "pos_4_eyes": true,
        "pos_4_foot": true,
        "pos_4_hand": true,
        "pos_4_head": true,
        "pos_4_lower": true,
        "pos_4_pelvic": true,
        "pos_4_shoulder": true,
        "pos_5_alignment_COG": true,
        "pos_5_alignment_orient": false,
        "pos_5_anticipatory": true,
        "pos_5_antigravity": true,
        "pos_5_interactive": true,
        "pos_5_ocular": false,
        "pos_5_reflex": true,
        "pos_5_suck": true,
        "pos_6_bilateral": false,
        "pos_6_effortful": false,
        "pos_6_grasp": true,
        "pos_6_push": true,
        "pos_6_strength": false,
        "pos_h_auditory": true,
        "pos_h_intero": false,
        "pos_h_proprioception": true,
        "pos_h_tactile": true,
        "pos_h_vestibular": true,
        "pos_h_visual": false,
        "postural": false,
        "sen_1_ability": true,
        "sen_1_classification": true,
        "sen_1_figure": false,
        "sen_1_inferences": true,
        "sen_1_match": true,
        "sen_1_spatial": true,
        "sen_2_affordance": true,
        "sen_2_generativity": true,
        "sen_2_imitation": true,
        "sen_2_initiation": false,
        "sen_3_modification": true,
        "sen_3_schema_expansion": false,
        "sen_3_schema_selection": false,
        "sen_3_sequencing": false,
        "sen_3_sequencing_gestalt": false,
        "sen_4_control": false,
        "sen_4_monitoring": false,
        "sen_4_spatial": false,
        "sen_4_temporal": false,
        "sen_4_timing": false,
        "sen_4_timing_force": false,
        "sen_5_fine": true,
        "sen_5_gross": true,
        "sen_5_limb": true,
        "sen_5_ocular": true,
        "sen_5_oral": true,
        "sen_5_postural": true,
        "sen_5_projected": true,
        "sen_5_tool": true,
        "sen_6_bmc": false,
        "sen_6_generalized": false,
        "sen_6_praxis": false,
        "sen_6_somatodyspraxia": false,
        "sen_6_visual": true,
        "sen_h_auditory": false,
        "sen_h_intero": false,
        "sen_h_proprioception": true,
        "sen_h_tactile": true,
        "sen_h_vestibular": true,
        "sen_h_visual": false,
        "sensory": false,
        "soc_1_comparative": true,
        "soc_1_engagement": true,
        "soc_1_problem": true,
        "soc_1_reciprocity": true,
        "soc_1_reflective": true,
        "soc_1_regulation": false,
        "soc_1_representation": false,
        "soc_1_triangular": false,
        "soc_2_central": false,
        "soc_2_contingent": true,
        "soc_2_empathy": false,
        "soc_2_imitation": true,
        "soc_2_inferential": true,
        "soc_2_joint": false,
        "soc_2_mentalizing": false,
        "soc_2_pro_social": true,
        "soc_2_self_awareness": true,
        "soc_2_social_motivators": true,
        "soc_2_social_perspective": false,
        "soc_2_social_referencing": false,
        "soc_2_theory": false,
        "soc_3_activation_high": false,
        "soc_3_activation_low": false,
        "soc_3_affective": true,
        "soc_3_emotional_association": false,
        "soc_3_emotional_cascade": false,
        "soc_3_emotional_contagion": false,
        "soc_3_emotional_differentiation": false,
        "soc_3_self_compassion": true,
        "soc_3_self_control": true,
        "soc_3_self_regulation": true,
        "soc_4_attachments": false,
        "soc_4_mental": false,
        "soc_4_thoughts": false,
        "soc_4_trauma": false,
        "social": false,
      }
    }
    updateProcessPerformanceComponent={[Function]}
  />,
  Symbol(enzyme.__renderer__): Object {
    "batchedUpdates": [Function],
    "getNode": [Function],
    "render": [Function],
    "simulateEvent": [Function],
    "unmount": [Function],
  },
  Symbol(enzyme.__node__): Object {
    "instance": null,
    "key": undefined,
    "nodeType": "host",
    "props": Object {
      "children": Array [
        <h4
          className="category-title"
        >
          Body Parts
        </h4>,
        <div
          className="body-key"
        >
          <h6
            className={null}
            onClick={[Function]}
            onMouseOut={[Function]}
            onMouseOver={[Function]}
          >
            1. Core Abdominal Control
          </h6>
          <h6
            className="hover-purple-color"
            onClick={[Function]}
            onMouseOut={[Function]}
            onMouseOver={[Function]}
          >
            2. Shoulder Girdle Core
          </h6>
          <h6
            className="hover-purple-color"
            onClick={[Function]}
            onMouseOut={[Function]}
            onMouseOver={[Function]}
          >
            3. Pelvic Trunk/LE Core
          </h6>
          <h6
            className={null}
            onClick={[Function]}
            onMouseOut={[Function]}
            onMouseOver={[Function]}
          >
            4. Head/Neck to Trunk Core
          </h6>
          <h6
            className={null}
            onClick={[Function]}
            onMouseOut={[Function]}
            onMouseOver={[Function]}
          >
            5. Eyes in Head Core
          </h6>
          <h6
            className="hover-purple-color"
            onClick={[Function]}
            onMouseOut={[Function]}
            onMouseOver={[Function]}
          >
            6. Hand Control
          </h6>
          <h6
            className="hover-purple-color"
            onClick={[Function]}
            onMouseOut={[Function]}
            onMouseOver={[Function]}
          >
            7. Lower Extremity
          </h6>
          <h6
            className={null}
            onClick={[Function]}
            onMouseOut={[Function]}
            onMouseOver={[Function]}
          >
            8. Foot/Base of Support Core
          </h6>
          <div
            className="parts part1"
            onClick={[Function]}
            onMouseOut={[Function]}
            onMouseOver={[Function]}
          >
            <p>
              1
            </p>
          </div>
          <div
            className="parts part2 hover-purple-bg"
            onClick={[Function]}
            onMouseOut={[Function]}
            onMouseOver={[Function]}
          >
            <p>
              2
            </p>
          </div>
          <div
            className="parts part3 hover-purple-bg"
            onClick={[Function]}
            onMouseOut={[Function]}
            onMouseOver={[Function]}
          >
            <p>
              3
            </p>
          </div>
          <div
            className="parts part4"
            onClick={[Function]}
            onMouseOut={[Function]}
            onMouseOver={[Function]}
          >
            <p>
              4
            </p>
          </div>
          <div
            className="parts part5"
            onClick={[Function]}
            onMouseOut={[Function]}
            onMouseOver={[Function]}
          >
            <p>
              5
            </p>
          </div>
          <div
            className="parts part6 hover-purple-bg"
            onClick={[Function]}
            onMouseOut={[Function]}
            onMouseOver={[Function]}
          >
            <p>
              6
            </p>
          </div>
          <div
            className="parts part7 hover-purple-bg"
            onClick={[Function]}
            onMouseOut={[Function]}
            onMouseOver={[Function]}
          >
            <p>
              7
            </p>
          </div>
          <div
            className="parts part8"
            onClick={[Function]}
            onMouseOut={[Function]}
            onMouseOver={[Function]}
          >
            <p>
              8
            </p>
          </div>
        </div>,
      ],
      "className": "BodyDiagram",
      "onMouseLeave": [Function],
    },
    "ref": null,
    "rendered": Array [
      Object {
        "instance": null,
        "key": undefined,
        "nodeType": "host",
        "props": Object {
          "children": "Body Parts",
          "className": "category-title",
        },
        "ref": null,
        "rendered": "Body Parts",
        "type": "h4",
      },
      Object {
        "instance": null,
        "key": undefined,
        "nodeType": "host",
        "props": Object {
          "children": Array [
            <h6
              className={null}
              onClick={[Function]}
              onMouseOut={[Function]}
              onMouseOver={[Function]}
            >
              1. Core Abdominal Control
            </h6>,
            <h6
              className="hover-purple-color"
              onClick={[Function]}
              onMouseOut={[Function]}
              onMouseOver={[Function]}
            >
              2. Shoulder Girdle Core
            </h6>,
            <h6
              className="hover-purple-color"
              onClick={[Function]}
              onMouseOut={[Function]}
              onMouseOver={[Function]}
            >
              3. Pelvic Trunk/LE Core
            </h6>,
            <h6
              className={null}
              onClick={[Function]}
              onMouseOut={[Function]}
              onMouseOver={[Function]}
            >
              4. Head/Neck to Trunk Core
            </h6>,
            <h6
              className={null}
              onClick={[Function]}
              onMouseOut={[Function]}
              onMouseOver={[Function]}
            >
              5. Eyes in Head Core
            </h6>,
            <h6
              className="hover-purple-color"
              onClick={[Function]}
              onMouseOut={[Function]}
              onMouseOver={[Function]}
            >
              6. Hand Control
            </h6>,
            <h6
              className="hover-purple-color"
              onClick={[Function]}
              onMouseOut={[Function]}
              onMouseOver={[Function]}
            >
              7. Lower Extremity
            </h6>,
            <h6
              className={null}
              onClick={[Function]}
              onMouseOut={[Function]}
              onMouseOver={[Function]}
            >
              8. Foot/Base of Support Core
            </h6>,
            <div
              className="parts part1"
              onClick={[Function]}
              onMouseOut={[Function]}
              onMouseOver={[Function]}
            >
              <p>
                1
              </p>
            </div>,
            <div
              className="parts part2 hover-purple-bg"
              onClick={[Function]}
              onMouseOut={[Function]}
              onMouseOver={[Function]}
            >
              <p>
                2
              </p>
            </div>,
            <div
              className="parts part3 hover-purple-bg"
              onClick={[Function]}
              onMouseOut={[Function]}
              onMouseOver={[Function]}
            >
              <p>
                3
              </p>
            </div>,
            <div
              className="parts part4"
              onClick={[Function]}
              onMouseOut={[Function]}
              onMouseOver={[Function]}
            >
              <p>
                4
              </p>
            </div>,
            <div
              className="parts part5"
              onClick={[Function]}
              onMouseOut={[Function]}
              onMouseOver={[Function]}
            >
              <p>
                5
              </p>
            </div>,
            <div
              className="parts part6 hover-purple-bg"
              onClick={[Function]}
              onMouseOut={[Function]}
              onMouseOver={[Function]}
            >
              <p>
                6
              </p>
            </div>,
            <div
              className="parts part7 hover-purple-bg"
              onClick={[Function]}
              onMouseOut={[Function]}
              onMouseOver={[Function]}
            >
              <p>
                7
              </p>
            </div>,
            <div
              className="parts part8"
              onClick={[Function]}
              onMouseOut={[Function]}
              onMouseOver={[Function]}
            >
              <p>
                8
              </p>
            </div>,
          ],
          "className": "body-key",
        },
        "ref": null,
        "rendered": Array [
          Object {
            "instance": null,
            "key": undefined,
            "nodeType": "host",
            "props": Object {
              "children": "1. Core Abdominal Control",
              "className": null,
              "onClick": [Function],
              "onMouseOut": [Function],
              "onMouseOver": [Function],
            },
            "ref": null,
            "rendered": "1. Core Abdominal Control",
            "type": "h6",
          },
          Object {
            "instance": null,
            "key": undefined,
            "nodeType": "host",
            "props": Object {
              "children": "2. Shoulder Girdle Core",
              "className": "hover-purple-color",
              "onClick": [Function],
              "onMouseOut": [Function],
              "onMouseOver": [Function],
            },
            "ref": null,
            "rendered": "2. Shoulder Girdle Core",
            "type": "h6",
          },
          Object {
            "instance": null,
            "key": undefined,
            "nodeType": "host",
            "props": Object {
              "children": "3. Pelvic Trunk/LE Core",
              "className": "hover-purple-color",
              "onClick": [Function],
              "onMouseOut": [Function],
              "onMouseOver": [Function],
            },
            "ref": null,
            "rendered": "3. Pelvic Trunk/LE Core",
            "type": "h6",
          },
          Object {
            "instance": null,
            "key": undefined,
            "nodeType": "host",
            "props": Object {
              "children": "4. Head/Neck to Trunk Core",
              "className": null,
              "onClick": [Function],
              "onMouseOut": [Function],
              "onMouseOver": [Function],
            },
            "ref": null,
            "rendered": "4. Head/Neck to Trunk Core",
            "type": "h6",
          },
          Object {
            "instance": null,
            "key": undefined,
            "nodeType": "host",
            "props": Object {
              "children": "5. Eyes in Head Core",
              "className": null,
              "onClick": [Function],
              "onMouseOut": [Function],
              "onMouseOver": [Function],
            },
            "ref": null,
            "rendered": "5. Eyes in Head Core",
            "type": "h6",
          },
          Object {
            "instance": null,
            "key": undefined,
            "nodeType": "host",
            "props": Object {
              "children": "6. Hand Control",
              "className": "hover-purple-color",
              "onClick": [Function],
              "onMouseOut": [Function],
              "onMouseOver": [Function],
            },
            "ref": null,
            "rendered": "6. Hand Control",
            "type": "h6",
          },
          Object {
            "instance": null,
            "key": undefined,
            "nodeType": "host",
            "props": Object {
              "children": "7. Lower Extremity",
              "className": "hover-purple-color",
              "onClick": [Function],
              "onMouseOut": [Function],
              "onMouseOver": [Function],
            },
            "ref": null,
            "rendered": "7. Lower Extremity",
            "type": "h6",
          },
          Object {
            "instance": null,
            "key": undefined,
            "nodeType": "host",
            "props": Object {
              "children": "8. Foot/Base of Support Core",
              "className": null,
              "onClick": [Function],
              "onMouseOut": [Function],
              "onMouseOver": [Function],
            },
            "ref": null,
            "rendered": "8. Foot/Base of Support Core",
            "type": "h6",
          },
          Object {
            "instance": null,
            "key": undefined,
            "nodeType": "host",
            "props": Object {
              "children": <p>
                1
              </p>,
              "className": "parts part1",
              "onClick": [Function],
              "onMouseOut": [Function],
              "onMouseOver": [Function],
            },
            "ref": null,
            "rendered": Object {
              "instance": null,
              "key": undefined,
              "nodeType": "host",
              "props": Object {
                "children": "1",
              },
              "ref": null,
              "rendered": "1",
              "type": "p",
            },
            "type": "div",
          },
          Object {
            "instance": null,
            "key": undefined,
            "nodeType": "host",
            "props": Object {
              "children": <p>
                2
              </p>,
              "className": "parts part2 hover-purple-bg",
              "onClick": [Function],
              "onMouseOut": [Function],
              "onMouseOver": [Function],
            },
            "ref": null,
            "rendered": Object {
              "instance": null,
              "key": undefined,
              "nodeType": "host",
              "props": Object {
                "children": "2",
              },
              "ref": null,
              "rendered": "2",
              "type": "p",
            },
            "type": "div",
          },
          Object {
            "instance": null,
            "key": undefined,
            "nodeType": "host",
            "props": Object {
              "children": <p>
                3
              </p>,
              "className": "parts part3 hover-purple-bg",
              "onClick": [Function],
              "onMouseOut": [Function],
              "onMouseOver": [Function],
            },
            "ref": null,
            "rendered": Object {
              "instance": null,
              "key": undefined,
              "nodeType": "host",
              "props": Object {
                "children": "3",
              },
              "ref": null,
              "rendered": "3",
              "type": "p",
            },
            "type": "div",
          },
          Object {
            "instance": null,
            "key": undefined,
            "nodeType": "host",
            "props": Object {
              "children": <p>
                4
              </p>,
              "className": "parts part4",
              "onClick": [Function],
              "onMouseOut": [Function],
              "onMouseOver": [Function],
            },
            "ref": null,
            "rendered": Object {
              "instance": null,
              "key": undefined,
              "nodeType": "host",
              "props": Object {
                "children": "4",
              },
              "ref": null,
              "rendered": "4",
              "type": "p",
            },
            "type": "div",
          },
          Object {
            "instance": null,
            "key": undefined,
            "nodeType": "host",
            "props": Object {
              "children": <p>
                5
              </p>,
              "className": "parts part5",
              "onClick": [Function],
              "onMouseOut": [Function],
              "onMouseOver": [Function],
            },
            "ref": null,
            "rendered": Object {
              "instance": null,
              "key": undefined,
              "nodeType": "host",
              "props": Object {
                "children": "5",
              },
              "ref": null,
              "rendered": "5",
              "type": "p",
            },
            "type": "div",
          },
          Object {
            "instance": null,
            "key": undefined,
            "nodeType": "host",
            "props": Object {
              "children": <p>
                6
              </p>,
              "className": "parts part6 hover-purple-bg",
              "onClick": [Function],
              "onMouseOut": [Function],
              "onMouseOver": [Function],
            },
            "ref": null,
            "rendered": Object {
              "instance": null,
              "key": undefined,
              "nodeType": "host",
              "props": Object {
                "children": "6",
              },
              "ref": null,
              "rendered": "6",
              "type": "p",
            },
            "type": "div",
          },
          Object {
            "instance": null,
            "key": undefined,
            "nodeType": "host",
            "props": Object {
              "children": <p>
                7
              </p>,
              "className": "parts part7 hover-purple-bg",
              "onClick": [Function],
              "onMouseOut": [Function],
              "onMouseOver": [Function],
            },
            "ref": null,
            "rendered": Object {
              "instance": null,
              "key": undefined,
              "nodeType": "host",
              "props": Object {
                "children": "7",
              },
              "ref": null,
              "rendered": "7",
              "type": "p",
            },
            "type": "div",
          },
          Object {
            "instance": null,
            "key": undefined,
            "nodeType": "host",
            "props": Object {
              "children": <p>
                8
              </p>,
              "className": "parts part8",
              "onClick": [Function],
              "onMouseOut": [Function],
              "onMouseOver": [Function],
            },
            "ref": null,
            "rendered": Object {
              "instance": null,
              "key": undefined,
              "nodeType": "host",
              "props": Object {
                "children": "8",
              },
              "ref": null,
              "rendered": "8",
              "type": "p",
            },
            "type": "div",
          },
        ],
        "type": "div",
      },
    ],
    "type": "div",
  },
  Symbol(enzyme.__nodes__): Array [
    Object {
      "instance": null,
      "key": undefined,
      "nodeType": "host",
      "props": Object {
        "children": Array [
          <h4
            className="category-title"
          >
            Body Parts
          </h4>,
          <div
            className="body-key"
          >
            <h6
              className={null}
              onClick={[Function]}
              onMouseOut={[Function]}
              onMouseOver={[Function]}
            >
              1. Core Abdominal Control
            </h6>
            <h6
              className="hover-purple-color"
              onClick={[Function]}
              onMouseOut={[Function]}
              onMouseOver={[Function]}
            >
              2. Shoulder Girdle Core
            </h6>
            <h6
              className="hover-purple-color"
              onClick={[Function]}
              onMouseOut={[Function]}
              onMouseOver={[Function]}
            >
              3. Pelvic Trunk/LE Core
            </h6>
            <h6
              className={null}
              onClick={[Function]}
              onMouseOut={[Function]}
              onMouseOver={[Function]}
            >
              4. Head/Neck to Trunk Core
            </h6>
            <h6
              className={null}
              onClick={[Function]}
              onMouseOut={[Function]}
              onMouseOver={[Function]}
            >
              5. Eyes in Head Core
            </h6>
            <h6
              className="hover-purple-color"
              onClick={[Function]}
              onMouseOut={[Function]}
              onMouseOver={[Function]}
            >
              6. Hand Control
            </h6>
            <h6
              className="hover-purple-color"
              onClick={[Function]}
              onMouseOut={[Function]}
              onMouseOver={[Function]}
            >
              7. Lower Extremity
            </h6>
            <h6
              className={null}
              onClick={[Function]}
              onMouseOut={[Function]}
              onMouseOver={[Function]}
            >
              8. Foot/Base of Support Core
            </h6>
            <div
              className="parts part1"
              onClick={[Function]}
              onMouseOut={[Function]}
              onMouseOver={[Function]}
            >
              <p>
                1
              </p>
            </div>
            <div
              className="parts part2 hover-purple-bg"
              onClick={[Function]}
              onMouseOut={[Function]}
              onMouseOver={[Function]}
            >
              <p>
                2
              </p>
            </div>
            <div
              className="parts part3 hover-purple-bg"
              onClick={[Function]}
              onMouseOut={[Function]}
              onMouseOver={[Function]}
            >
              <p>
                3
              </p>
            </div>
            <div
              className="parts part4"
              onClick={[Function]}
              onMouseOut={[Function]}
              onMouseOver={[Function]}
            >
              <p>
                4
              </p>
            </div>
            <div
              className="parts part5"
              onClick={[Function]}
              onMouseOut={[Function]}
              onMouseOver={[Function]}
            >
              <p>
                5
              </p>
            </div>
            <div
              className="parts part6 hover-purple-bg"
              onClick={[Function]}
              onMouseOut={[Function]}
              onMouseOver={[Function]}
            >
              <p>
                6
              </p>
            </div>
            <div
              className="parts part7 hover-purple-bg"
              onClick={[Function]}
              onMouseOut={[Function]}
              onMouseOver={[Function]}
            >
              <p>
                7
              </p>
            </div>
            <div
              className="parts part8"
              onClick={[Function]}
              onMouseOut={[Function]}
              onMouseOver={[Function]}
            >
              <p>
                8
              </p>
            </div>
          </div>,
        ],
        "className": "BodyDiagram",
        "onMouseLeave": [Function],
      },
      "ref": null,
      "rendered": Array [
        Object {
          "instance": null,
          "key": undefined,
          "nodeType": "host",
          "props": Object {
            "children": "Body Parts",
            "className": "category-title",
          },
          "ref": null,
          "rendered": "Body Parts",
          "type": "h4",
        },
        Object {
          "instance": null,
          "key": undefined,
          "nodeType": "host",
          "props": Object {
            "children": Array [
              <h6
                className={null}
                onClick={[Function]}
                onMouseOut={[Function]}
                onMouseOver={[Function]}
              >
                1. Core Abdominal Control
              </h6>,
              <h6
                className="hover-purple-color"
                onClick={[Function]}
                onMouseOut={[Function]}
                onMouseOver={[Function]}
              >
                2. Shoulder Girdle Core
              </h6>,
              <h6
                className="hover-purple-color"
                onClick={[Function]}
                onMouseOut={[Function]}
                onMouseOver={[Function]}
              >
                3. Pelvic Trunk/LE Core
              </h6>,
              <h6
                className={null}
                onClick={[Function]}
                onMouseOut={[Function]}
                onMouseOver={[Function]}
              >
                4. Head/Neck to Trunk Core
              </h6>,
              <h6
                className={null}
                onClick={[Function]}
                onMouseOut={[Function]}
                onMouseOver={[Function]}
              >
                5. Eyes in Head Core
              </h6>,
              <h6
                className="hover-purple-color"
                onClick={[Function]}
                onMouseOut={[Function]}
                onMouseOver={[Function]}
              >
                6. Hand Control
              </h6>,
              <h6
                className="hover-purple-color"
                onClick={[Function]}
                onMouseOut={[Function]}
                onMouseOver={[Function]}
              >
                7. Lower Extremity
              </h6>,
              <h6
                className={null}
                onClick={[Function]}
                onMouseOut={[Function]}
                onMouseOver={[Function]}
              >
                8. Foot/Base of Support Core
              </h6>,
              <div
                className="parts part1"
                onClick={[Function]}
                onMouseOut={[Function]}
                onMouseOver={[Function]}
              >
                <p>
                  1
                </p>
              </div>,
              <div
                className="parts part2 hover-purple-bg"
                onClick={[Function]}
                onMouseOut={[Function]}
                onMouseOver={[Function]}
              >
                <p>
                  2
                </p>
              </div>,
              <div
                className="parts part3 hover-purple-bg"
                onClick={[Function]}
                onMouseOut={[Function]}
                onMouseOver={[Function]}
              >
                <p>
                  3
                </p>
              </div>,
              <div
                className="parts part4"
                onClick={[Function]}
                onMouseOut={[Function]}
                onMouseOver={[Function]}
              >
                <p>
                  4
                </p>
              </div>,
              <div
                className="parts part5"
                onClick={[Function]}
                onMouseOut={[Function]}
                onMouseOver={[Function]}
              >
                <p>
                  5
                </p>
              </div>,
              <div
                className="parts part6 hover-purple-bg"
                onClick={[Function]}
                onMouseOut={[Function]}
                onMouseOver={[Function]}
              >
                <p>
                  6
                </p>
              </div>,
              <div
                className="parts part7 hover-purple-bg"
                onClick={[Function]}
                onMouseOut={[Function]}
                onMouseOver={[Function]}
              >
                <p>
                  7
                </p>
              </div>,
              <div
                className="parts part8"
                onClick={[Function]}
                onMouseOut={[Function]}
                onMouseOver={[Function]}
              >
                <p>
                  8
                </p>
              </div>,
            ],
            "className": "body-key",
          },
          "ref": null,
          "rendered": Array [
            Object {
              "instance": null,
              "key": undefined,
              "nodeType": "host",
              "props": Object {
                "children": "1. Core Abdominal Control",
                "className": null,
                "onClick": [Function],
                "onMouseOut": [Function],
                "onMouseOver": [Function],
              },
              "ref": null,
              "rendered": "1. Core Abdominal Control",
              "type": "h6",
            },
            Object {
              "instance": null,
              "key": undefined,
              "nodeType": "host",
              "props": Object {
                "children": "2. Shoulder Girdle Core",
                "className": "hover-purple-color",
                "onClick": [Function],
                "onMouseOut": [Function],
                "onMouseOver": [Function],
              },
              "ref": null,
              "rendered": "2. Shoulder Girdle Core",
              "type": "h6",
            },
            Object {
              "instance": null,
              "key": undefined,
              "nodeType": "host",
              "props": Object {
                "children": "3. Pelvic Trunk/LE Core",
                "className": "hover-purple-color",
                "onClick": [Function],
                "onMouseOut": [Function],
                "onMouseOver": [Function],
              },
              "ref": null,
              "rendered": "3. Pelvic Trunk/LE Core",
              "type": "h6",
            },
            Object {
              "instance": null,
              "key": undefined,
              "nodeType": "host",
              "props": Object {
                "children": "4. Head/Neck to Trunk Core",
                "className": null,
                "onClick": [Function],
                "onMouseOut": [Function],
                "onMouseOver": [Function],
              },
              "ref": null,
              "rendered": "4. Head/Neck to Trunk Core",
              "type": "h6",
            },
            Object {
              "instance": null,
              "key": undefined,
              "nodeType": "host",
              "props": Object {
                "children": "5. Eyes in Head Core",
                "className": null,
                "onClick": [Function],
                "onMouseOut": [Function],
                "onMouseOver": [Function],
              },
              "ref": null,
              "rendered": "5. Eyes in Head Core",
              "type": "h6",
            },
            Object {
              "instance": null,
              "key": undefined,
              "nodeType": "host",
              "props": Object {
                "children": "6. Hand Control",
                "className": "hover-purple-color",
                "onClick": [Function],
                "onMouseOut": [Function],
                "onMouseOver": [Function],
              },
              "ref": null,
              "rendered": "6. Hand Control",
              "type": "h6",
            },
            Object {
              "instance": null,
              "key": undefined,
              "nodeType": "host",
              "props": Object {
                "children": "7. Lower Extremity",
                "className": "hover-purple-color",
                "onClick": [Function],
                "onMouseOut": [Function],
                "onMouseOver": [Function],
              },
              "ref": null,
              "rendered": "7. Lower Extremity",
              "type": "h6",
            },
            Object {
              "instance": null,
              "key": undefined,
              "nodeType": "host",
              "props": Object {
                "children": "8. Foot/Base of Support Core",
                "className": null,
                "onClick": [Function],
                "onMouseOut": [Function],
                "onMouseOver": [Function],
              },
              "ref": null,
              "rendered": "8. Foot/Base of Support Core",
              "type": "h6",
            },
            Object {
              "instance": null,
              "key": undefined,
              "nodeType": "host",
              "props": Object {
                "children": <p>
                  1
                </p>,
                "className": "parts part1",
                "onClick": [Function],
                "onMouseOut": [Function],
                "onMouseOver": [Function],
              },
              "ref": null,
              "rendered": Object {
                "instance": null,
                "key": undefined,
                "nodeType": "host",
                "props": Object {
                  "children": "1",
                },
                "ref": null,
                "rendered": "1",
                "type": "p",
              },
              "type": "div",
            },
            Object {
              "instance": null,
              "key": undefined,
              "nodeType": "host",
              "props": Object {
                "children": <p>
                  2
                </p>,
                "className": "parts part2 hover-purple-bg",
                "onClick": [Function],
                "onMouseOut": [Function],
                "onMouseOver": [Function],
              },
              "ref": null,
              "rendered": Object {
                "instance": null,
                "key": undefined,
                "nodeType": "host",
                "props": Object {
                  "children": "2",
                },
                "ref": null,
                "rendered": "2",
                "type": "p",
              },
              "type": "div",
            },
            Object {
              "instance": null,
              "key": undefined,
              "nodeType": "host",
              "props": Object {
                "children": <p>
                  3
                </p>,
                "className": "parts part3 hover-purple-bg",
                "onClick": [Function],
                "onMouseOut": [Function],
                "onMouseOver": [Function],
              },
              "ref": null,
              "rendered": Object {
                "instance": null,
                "key": undefined,
                "nodeType": "host",
                "props": Object {
                  "children": "3",
                },
                "ref": null,
                "rendered": "3",
                "type": "p",
              },
              "type": "div",
            },
            Object {
              "instance": null,
              "key": undefined,
              "nodeType": "host",
              "props": Object {
                "children": <p>
                  4
                </p>,
                "className": "parts part4",
                "onClick": [Function],
                "onMouseOut": [Function],
                "onMouseOver": [Function],
              },
              "ref": null,
              "rendered": Object {
                "instance": null,
                "key": undefined,
                "nodeType": "host",
                "props": Object {
                  "children": "4",
                },
                "ref": null,
                "rendered": "4",
                "type": "p",
              },
              "type": "div",
            },
            Object {
              "instance": null,
              "key": undefined,
              "nodeType": "host",
              "props": Object {
                "children": <p>
                  5
                </p>,
                "className": "parts part5",
                "onClick": [Function],
                "onMouseOut": [Function],
                "onMouseOver": [Function],
              },
              "ref": null,
              "rendered": Object {
                "instance": null,
                "key": undefined,
                "nodeType": "host",
                "props": Object {
                  "children": "5",
                },
                "ref": null,
                "rendered": "5",
                "type": "p",
              },
              "type": "div",
            },
            Object {
              "instance": null,
              "key": undefined,
              "nodeType": "host",
              "props": Object {
                "children": <p>
                  6
                </p>,
                "className": "parts part6 hover-purple-bg",
                "onClick": [Function],
                "onMouseOut": [Function],
                "onMouseOver": [Function],
              },
              "ref": null,
              "rendered": Object {
                "instance": null,
                "key": undefined,
                "nodeType": "host",
                "props": Object {
                  "children": "6",
                },
                "ref": null,
                "rendered": "6",
                "type": "p",
              },
              "type": "div",
            },
            Object {
              "instance": null,
              "key": undefined,
              "nodeType": "host",
              "props": Object {
                "children": <p>
                  7
                </p>,
                "className": "parts part7 hover-purple-bg",
                "onClick": [Function],
                "onMouseOut": [Function],
                "onMouseOver": [Function],
              },
              "ref": null,
              "rendered": Object {
                "instance": null,
                "key": undefined,
                "nodeType": "host",
                "props": Object {
                  "children": "7",
                },
                "ref": null,
                "rendered": "7",
                "type": "p",
              },
              "type": "div",
            },
            Object {
              "instance": null,
              "key": undefined,
              "nodeType": "host",
              "props": Object {
                "children": <p>
                  8
                </p>,
                "className": "parts part8",
                "onClick": [Function],
                "onMouseOut": [Function],
                "onMouseOver": [Function],
              },
              "ref": null,
              "rendered": Object {
                "instance": null,
                "key": undefined,
                "nodeType": "host",
                "props": Object {
                  "children": "8",
                },
                "ref": null,
                "rendered": "8",
                "type": "p",
              },
              "type": "div",
            },
          ],
          "type": "div",
        },
      ],
      "type": "div",
    },
  ],
  Symbol(enzyme.__options__): Object {
    "adapter": ReactSixteenAdapter {
      "options": Object {
        "enableComponentDidUpdateOnSetState": true,
      },
    },
  },
}
`;
