// Jest Snapshot v1, https://goo.gl/fbAQLP

exports[`YesNo tests Should match the snapshot 1`] = `
ShallowWrapper {
  "length": 1,
  Symbol(enzyme.__root__): [Circular],
  Symbol(enzyme.__unrendered__): <YesNo
    databaseName="pos_1_inner"
    question="Inner?"
    selectedProcess={
      Object {
        "created_at": "2018-02-20T21:25:45.454Z",
        "exe_1_inhibition": null,
        "exe_1_orient": null,
        "exe_2a_shifting": null,
        "exe_2a_working": null,
        "exe_2b_flexibility": null,
        "exe_2b_general": null,
        "exe_2b_global": null,
        "exe_2b_spatial": null,
        "exe_2b_verbal": null,
        "exe_3_initiation": null,
        "exe_3_monitoring": null,
        "exe_3_planning": null,
        "exe_3_sequencing": null,
        "exe_4a_future": null,
        "exe_4a_generativity": null,
        "exe_4a_internalized": null,
        "exe_4a_problem": null,
        "exe_4a_reflective": null,
        "exe_4a_spatial": null,
        "exe_4b_effortful": null,
        "exe_4b_motivational": null,
        "exe_4b_self_compassion": null,
        "exe_4b_self_control": null,
        "exe_4b_self_regulation": null,
        "id": 10,
        "mod_1_defensiveness": null,
        "mod_1_over": null,
        "mod_1_under": null,
        "mod_1_variable": null,
        "mod_2_action": null,
        "mod_2_affect": null,
        "mod_2_arousability": null,
        "mod_2_attention": null,
        "mod_2_autonomic": null,
        "mod_3_cognitive": null,
        "mod_3_emotional": null,
        "mod_3_motor": null,
        "mod_3_physiological": null,
        "mod_3_prosocial": null,
        "mod_3_sensory": null,
        "mod_3_social": null,
        "mod_4a_adaptive": null,
        "mod_4a_approach": null,
        "mod_4a_co_regulation": null,
        "mod_4a_passive": null,
        "mod_4b_active": null,
        "mod_4b_avoid": null,
        "mod_4b_maladaptive": null,
        "mod_4b_self_regulation": null,
        "mod_h_auditory": null,
        "mod_h_intero": null,
        "mod_h_proprioception": null,
        "mod_h_tactile": null,
        "mod_h_vestibular": null,
        "mod_h_visual": null,
        "pos_1_inner": null,
        "pos_1_outer": null,
        "pos_2_mobility": null,
        "pos_2_muscle": null,
        "pos_2_phasic": null,
        "pos_2_stability": null,
        "pos_2_tonic": null,
        "pos_3_frontal": null,
        "pos_3_midlines": null,
        "pos_3_sagittal": null,
        "pos_3_transverse": null,
        "pos_4_core": null,
        "pos_4_eyes": null,
        "pos_4_foot": null,
        "pos_4_hand": null,
        "pos_4_head": null,
        "pos_4_lower": null,
        "pos_4_pelvic": null,
        "pos_4_shoulder": null,
        "pos_5_alignment_COG": null,
        "pos_5_alignment_orient": null,
        "pos_5_anticipatory": null,
        "pos_5_antigravity": null,
        "pos_5_interactive": null,
        "pos_5_ocular": null,
        "pos_5_reflex": null,
        "pos_5_suck": null,
        "pos_6_bilateral": null,
        "pos_6_effortful": null,
        "pos_6_grasp": null,
        "pos_6_push": null,
        "pos_6_strength": null,
        "pos_h_auditory": null,
        "pos_h_intero": null,
        "pos_h_proprioception": null,
        "pos_h_tactile": null,
        "pos_h_vestibular": null,
        "pos_h_visual": null,
        "sen_1_ability": null,
        "sen_1_classification": null,
        "sen_1_figure": null,
        "sen_1_inferences": null,
        "sen_1_match": null,
        "sen_1_spatial": null,
        "sen_2_affordance": null,
        "sen_2_generativity": null,
        "sen_2_imitation": null,
        "sen_2_initiation": null,
        "sen_3_modification": null,
        "sen_3_schema_expansion": null,
        "sen_3_schema_selection": null,
        "sen_3_sequencing": null,
        "sen_3_sequencing_gestalt": null,
        "sen_4_control": null,
        "sen_4_monitoring": null,
        "sen_4_spatial": null,
        "sen_4_temporal": null,
        "sen_4_timing": null,
        "sen_4_timing_force": null,
        "sen_5_fine": null,
        "sen_5_gross": null,
        "sen_5_limb": null,
        "sen_5_ocular": null,
        "sen_5_oral": null,
        "sen_5_postural": null,
        "sen_5_projected": null,
        "sen_5_tool": null,
        "sen_6_bmc": null,
        "sen_6_generalized": null,
        "sen_6_praxis": null,
        "sen_6_somatodyspraxia": null,
        "sen_6_visual": null,
        "sen_h_auditory": null,
        "sen_h_intero": null,
        "sen_h_proprioception": null,
        "sen_h_tactile": null,
        "sen_h_vestibular": null,
        "sen_h_visual": null,
        "session_id": 10,
        "soc_1_comparative": null,
        "soc_1_engagement": null,
        "soc_1_problem": null,
        "soc_1_reciprocity": null,
        "soc_1_reflective": null,
        "soc_1_regulation": null,
        "soc_1_representation": null,
        "soc_1_triangular": null,
        "soc_2_central": null,
        "soc_2_contingent": null,
        "soc_2_empathy": null,
        "soc_2_imitation": null,
        "soc_2_inferential": null,
        "soc_2_joint": null,
        "soc_2_mentalizing": null,
        "soc_2_pro_social": null,
        "soc_2_self_awareness": null,
        "soc_2_social_motivators": null,
        "soc_2_social_perspective": null,
        "soc_2_social_referencing": null,
        "soc_2_theory": null,
        "soc_3_activation_high": null,
        "soc_3_activation_low": null,
        "soc_3_affective": null,
        "soc_3_emotional_association": null,
        "soc_3_emotional_cascade": null,
        "soc_3_emotional_contagion": null,
        "soc_3_emotional_differentiation": null,
        "soc_3_self_compassion": null,
        "soc_3_self_control": null,
        "soc_3_self_regulation": null,
        "soc_4_attachments": null,
        "soc_4_mental": null,
        "soc_4_thoughts": null,
        "soc_4_trauma": null,
        "updated_at": "2018-02-20T21:25:45.454Z",
      }
    }
    storedThreadConnections={
      Object {
        "exe_1_inhibition": false,
        "exe_1_orient": false,
        "exe_2a_shifting": false,
        "exe_2a_working": false,
        "exe_2b_flexibility": false,
        "exe_2b_general": false,
        "exe_2b_global": false,
        "exe_2b_spatial": false,
        "exe_2b_verbal": false,
        "exe_3_initiation": false,
        "exe_3_monitoring": false,
        "exe_3_planning": false,
        "exe_3_sequencing": false,
        "exe_4a_future": false,
        "exe_4a_internalized": false,
        "exe_4a_problem": false,
        "exe_4a_reflective": false,
        "exe_4a_spatial": false,
        "exe_4b_effortful": false,
        "exe_4b_motivational": false,
        "exe_4b_self_compassion": false,
        "exe_4b_self_control": false,
        "exe_4b_self_regulation": false,
        "executive": false,
        "mod_1_defensiveness": false,
        "mod_1_over": false,
        "mod_1_under": false,
        "mod_1_variable": false,
        "mod_2_action": false,
        "mod_2_affect": false,
        "mod_2_arousability": false,
        "mod_2_attention": false,
        "mod_2_autonomic": false,
        "mod_3_cognitive": false,
        "mod_3_emotional": false,
        "mod_3_motor": false,
        "mod_3_physiological": false,
        "mod_3_prosocial": false,
        "mod_3_sensory": false,
        "mod_3_social": false,
        "mod_4a_adaptive": false,
        "mod_4a_approach": false,
        "mod_4a_co_regulation": false,
        "mod_4a_passive": false,
        "mod_4b_active": false,
        "mod_4b_avoid": false,
        "mod_4b_maladaptive": false,
        "mod_4b_self_regulation": false,
        "mod_h_auditory": false,
        "mod_h_intero": false,
        "mod_h_proprioception": false,
        "mod_h_tactile": false,
        "mod_h_vestibular": false,
        "mod_h_visual": false,
        "modulation": false,
        "pos_1_inner": false,
        "pos_1_outer": false,
        "pos_2_mobility": false,
        "pos_2_muscle": false,
        "pos_2_phasic": false,
        "pos_2_stability": false,
        "pos_2_tonic": false,
        "pos_3_frontal": false,
        "pos_3_midlines": false,
        "pos_3_sagittal": false,
        "pos_3_transverse": false,
        "pos_4_core": false,
        "pos_4_eyes": false,
        "pos_4_foot": false,
        "pos_4_hand": false,
        "pos_4_head": false,
        "pos_4_lower": false,
        "pos_4_pelvic": false,
        "pos_4_shoulder": false,
        "pos_5_alignment_COG": false,
        "pos_5_alignment_orient": false,
        "pos_5_anticipatory": false,
        "pos_5_antigravity": false,
        "pos_5_interactive": false,
        "pos_5_ocular": false,
        "pos_5_reflex": false,
        "pos_5_suck": false,
        "pos_6_bilateral": false,
        "pos_6_effortful": false,
        "pos_6_grasp": false,
        "pos_6_push": false,
        "pos_6_strength": false,
        "pos_h_auditory": false,
        "pos_h_intero": false,
        "pos_h_proprioception": false,
        "pos_h_tactile": false,
        "pos_h_vestibular": false,
        "pos_h_visual": false,
        "postural": false,
        "sen_1_ability": false,
        "sen_1_classification": false,
        "sen_1_figure": false,
        "sen_1_inferences": false,
        "sen_1_match": false,
        "sen_1_spatial": false,
        "sen_2_affordance": false,
        "sen_2_generativity": false,
        "sen_2_imitation": false,
        "sen_2_initiation": false,
        "sen_3_modification": false,
        "sen_3_schema_expansion": false,
        "sen_3_schema_selection": false,
        "sen_3_sequencing": false,
        "sen_3_sequencing_gestalt": false,
        "sen_4_control": false,
        "sen_4_monitoring": false,
        "sen_4_spatial": false,
        "sen_4_temporal": false,
        "sen_4_timing": false,
        "sen_4_timing_force": false,
        "sen_5_fine": false,
        "sen_5_gross": false,
        "sen_5_limb": false,
        "sen_5_ocular": false,
        "sen_5_oral": false,
        "sen_5_postural": false,
        "sen_5_projected": false,
        "sen_5_tool": false,
        "sen_6_bmc": false,
        "sen_6_generalized": false,
        "sen_6_praxis": false,
        "sen_6_somatodyspraxia": false,
        "sen_6_visual": false,
        "sen_h_auditory": false,
        "sen_h_intero": false,
        "sen_h_proprioception": false,
        "sen_h_tactile": false,
        "sen_h_vestibular": false,
        "sen_h_visual": false,
        "sensory": false,
        "soc_1_comparative": false,
        "soc_1_engagement": false,
        "soc_1_problem": false,
        "soc_1_reciprocity": false,
        "soc_1_reflective": false,
        "soc_1_regulation": false,
        "soc_1_representation": false,
        "soc_1_triangular": false,
        "soc_2_central": false,
        "soc_2_contingent": false,
        "soc_2_empathy": false,
        "soc_2_imitation": false,
        "soc_2_inferential": false,
        "soc_2_joint": false,
        "soc_2_mentalizing": false,
        "soc_2_pro_social": false,
        "soc_2_self_awareness": false,
        "soc_2_social_motivators": false,
        "soc_2_social_perspective": false,
        "soc_2_social_referencing": false,
        "soc_2_theory": false,
        "soc_3_activation_high": false,
        "soc_3_activation_low": false,
        "soc_3_affective": false,
        "soc_3_emotional_association": false,
        "soc_3_emotional_cascade": false,
        "soc_3_emotional_contagion": false,
        "soc_3_emotional_differentiation": false,
        "soc_3_self_compassion": false,
        "soc_3_self_control": false,
        "soc_3_self_regulation": false,
        "soc_4_attachments": false,
        "soc_4_mental": false,
        "soc_4_thoughts": false,
        "soc_4_trauma": false,
        "social": false,
      }
    }
    updateProcessPerformanceComponent={[Function]}
  />,
  Symbol(enzyme.__renderer__): Object {
    "batchedUpdates": [Function],
    "getNode": [Function],
    "render": [Function],
    "simulateEvent": [Function],
    "unmount": [Function],
  },
  Symbol(enzyme.__node__): Object {
    "instance": null,
    "key": undefined,
    "nodeType": "host",
    "props": Object {
      "children": Array [
        <h5>
          Inner?
        </h5>,
        <button
          className="yes-no"
          onClick={[Function]}
        >
          <span
            className="yes-span"
          >
            YES
          </span>
        </button>,
        <button
          className="yes-no"
          onClick={[Function]}
        >
          <span
            className="no-span"
          >
            NO
          </span>
        </button>,
      ],
      "className": "YesNo",
    },
    "ref": null,
    "rendered": Array [
      Object {
        "instance": null,
        "key": undefined,
        "nodeType": "host",
        "props": Object {
          "children": "Inner?",
        },
        "ref": null,
        "rendered": "Inner?",
        "type": "h5",
      },
      Object {
        "instance": null,
        "key": undefined,
        "nodeType": "host",
        "props": Object {
          "children": <span
            className="yes-span"
          >
            YES
          </span>,
          "className": "yes-no",
          "onClick": [Function],
        },
        "ref": null,
        "rendered": Object {
          "instance": null,
          "key": undefined,
          "nodeType": "host",
          "props": Object {
            "children": "YES",
            "className": "yes-span",
          },
          "ref": null,
          "rendered": "YES",
          "type": "span",
        },
        "type": "button",
      },
      Object {
        "instance": null,
        "key": undefined,
        "nodeType": "host",
        "props": Object {
          "children": <span
            className="no-span"
          >
            NO
          </span>,
          "className": "yes-no",
          "onClick": [Function],
        },
        "ref": null,
        "rendered": Object {
          "instance": null,
          "key": undefined,
          "nodeType": "host",
          "props": Object {
            "children": "NO",
            "className": "no-span",
          },
          "ref": null,
          "rendered": "NO",
          "type": "span",
        },
        "type": "button",
      },
    ],
    "type": "div",
  },
  Symbol(enzyme.__nodes__): Array [
    Object {
      "instance": null,
      "key": undefined,
      "nodeType": "host",
      "props": Object {
        "children": Array [
          <h5>
            Inner?
          </h5>,
          <button
            className="yes-no"
            onClick={[Function]}
          >
            <span
              className="yes-span"
            >
              YES
            </span>
          </button>,
          <button
            className="yes-no"
            onClick={[Function]}
          >
            <span
              className="no-span"
            >
              NO
            </span>
          </button>,
        ],
        "className": "YesNo",
      },
      "ref": null,
      "rendered": Array [
        Object {
          "instance": null,
          "key": undefined,
          "nodeType": "host",
          "props": Object {
            "children": "Inner?",
          },
          "ref": null,
          "rendered": "Inner?",
          "type": "h5",
        },
        Object {
          "instance": null,
          "key": undefined,
          "nodeType": "host",
          "props": Object {
            "children": <span
              className="yes-span"
            >
              YES
            </span>,
            "className": "yes-no",
            "onClick": [Function],
          },
          "ref": null,
          "rendered": Object {
            "instance": null,
            "key": undefined,
            "nodeType": "host",
            "props": Object {
              "children": "YES",
              "className": "yes-span",
            },
            "ref": null,
            "rendered": "YES",
            "type": "span",
          },
          "type": "button",
        },
        Object {
          "instance": null,
          "key": undefined,
          "nodeType": "host",
          "props": Object {
            "children": <span
              className="no-span"
            >
              NO
            </span>,
            "className": "yes-no",
            "onClick": [Function],
          },
          "ref": null,
          "rendered": Object {
            "instance": null,
            "key": undefined,
            "nodeType": "host",
            "props": Object {
              "children": "NO",
              "className": "no-span",
            },
            "ref": null,
            "rendered": "NO",
            "type": "span",
          },
          "type": "button",
        },
      ],
      "type": "div",
    },
  ],
  Symbol(enzyme.__options__): Object {
    "adapter": ReactSixteenAdapter {
      "options": Object {
        "enableComponentDidUpdateOnSetState": true,
      },
    },
  },
}
`;
